// Jest Snapshot v1, https://goo.gl/fbAQLP

exports[`matches snapshot 1`] = `
<DocumentFragment>
  <div
    class="background"
  >
    <section
      class="offset-md-2 col-md-8 Home col-md-8 "
    >
      <div
        class="card"
      >
        <div
          class="text-center card-body"
        >
          <div
            class="card-title"
          >
            <h2
              class="font-weight-bold"
            >
               Jobly
            </h2>
          </div>
          <p>
            All the jobs in one, convenient place
          </p>
          <h3>
            Welcome Back, Clark
          </h3>
        </div>
      </div>
    </section>
  </div>
</DocumentFragment>
`;
