// Jest Snapshot v1, https://goo.gl/fbAQLP

exports[`matches snapshot 1`] = `
<DocumentFragment>
  <div>
    Loading ...
  </div>
</DocumentFragment>
`;

exports[`matches snapshot when logged out  1`] = `
<DocumentFragment>
  <div>
    Loading ...
  </div>
</DocumentFragment>
`;
